
Discarded input sections

 .text          0x0000000000000000        0x0 build/asm/header.s.o
 .bss           0x0000000000000000        0x0 build/asm/header.s.o
 .reginfo       0x0000000000000000       0x18 build/asm/header.s.o
 .MIPS.abiflags
                0x0000000000000000       0x18 build/asm/header.s.o
 .pdr           0x0000000000000000        0x0 build/asm/header.s.o
 .gnu.attributes
                0x0000000000000000       0x10 build/asm/header.s.o
 .data          0x0000000000000000        0x0 build/src/asm/entrypoint.s.o
 .reginfo       0x0000000000000000       0x18 build/src/asm/entrypoint.s.o
 .MIPS.abiflags
                0x0000000000000000       0x18 build/src/asm/entrypoint.s.o
 .pdr           0x0000000000000000        0x0 build/src/asm/entrypoint.s.o
 .gnu.attributes
                0x0000000000000000       0x10 build/src/asm/entrypoint.s.o
 .options       0x0000000000000000       0x20 build/src/boot.c.o
 .reginfo       0x0000000000000000       0x18 build/src/boot.c.o
 .mdebug        0x0000000000000000     0x1a84 build/src/boot.c.o
 .data          0x0000000000000000        0x0 build/asm/23D0.s.o
 .reginfo       0x0000000000000000       0x18 build/asm/23D0.s.o
 .MIPS.abiflags
                0x0000000000000000       0x18 build/asm/23D0.s.o
 .pdr           0x0000000000000000        0x0 build/asm/23D0.s.o
 .gnu.attributes
                0x0000000000000000       0x10 build/asm/23D0.s.o
 .data          0x0000000000000000        0x0 build/asm/ultralib/initialize.s.o
 .reginfo       0x0000000000000000       0x18 build/asm/ultralib/initialize.s.o
 .MIPS.abiflags
                0x0000000000000000       0x18 build/asm/ultralib/initialize.s.o
 .pdr           0x0000000000000000        0x0 build/asm/ultralib/initialize.s.o
 .gnu.attributes
                0x0000000000000000       0x10 build/asm/ultralib/initialize.s.o
 .data          0x0000000000000000        0x0 build/asm/ultralib/createthread.s.o
 .reginfo       0x0000000000000000       0x18 build/asm/ultralib/createthread.s.o
 .MIPS.abiflags
                0x0000000000000000       0x18 build/asm/ultralib/createthread.s.o
 .pdr           0x0000000000000000        0x0 build/asm/ultralib/createthread.s.o
 .gnu.attributes
                0x0000000000000000       0x10 build/asm/ultralib/createthread.s.o
 .data          0x0000000000000000        0x0 build/asm/ultralib/startthread.s.o
 .reginfo       0x0000000000000000       0x18 build/asm/ultralib/startthread.s.o
 .MIPS.abiflags
                0x0000000000000000       0x18 build/asm/ultralib/startthread.s.o
 .pdr           0x0000000000000000        0x0 build/asm/ultralib/startthread.s.o
 .gnu.attributes
                0x0000000000000000       0x10 build/asm/ultralib/startthread.s.o
 .data          0x0000000000000000        0x0 build/asm/ultralib/vimgr.s.o
 .reginfo       0x0000000000000000       0x18 build/asm/ultralib/vimgr.s.o
 .MIPS.abiflags
                0x0000000000000000       0x18 build/asm/ultralib/vimgr.s.o
 .pdr           0x0000000000000000        0x0 build/asm/ultralib/vimgr.s.o
 .gnu.attributes
                0x0000000000000000       0x10 build/asm/ultralib/vimgr.s.o
 .data          0x0000000000000000        0x0 build/asm/ultralib/visetmode.s.o
 .reginfo       0x0000000000000000       0x18 build/asm/ultralib/visetmode.s.o
 .MIPS.abiflags
                0x0000000000000000       0x18 build/asm/ultralib/visetmode.s.o
 .pdr           0x0000000000000000        0x0 build/asm/ultralib/visetmode.s.o
 .gnu.attributes
                0x0000000000000000       0x10 build/asm/ultralib/visetmode.s.o
 .data          0x0000000000000000        0x0 build/asm/ultralib/pimgr.s.o
 .reginfo       0x0000000000000000       0x18 build/asm/ultralib/pimgr.s.o
 .MIPS.abiflags
                0x0000000000000000       0x18 build/asm/ultralib/pimgr.s.o
 .pdr           0x0000000000000000        0x0 build/asm/ultralib/pimgr.s.o
 .gnu.attributes
                0x0000000000000000       0x10 build/asm/ultralib/pimgr.s.o
 .data          0x0000000000000000        0x0 build/asm/ultralib/rmonmain.s.o
 .reginfo       0x0000000000000000       0x18 build/asm/ultralib/rmonmain.s.o
 .MIPS.abiflags
                0x0000000000000000       0x18 build/asm/ultralib/rmonmain.s.o
 .pdr           0x0000000000000000        0x0 build/asm/ultralib/rmonmain.s.o
 .gnu.attributes
                0x0000000000000000       0x10 build/asm/ultralib/rmonmain.s.o
 .data          0x0000000000000000        0x0 build/asm/ultralib/setthreadpri.s.o
 .reginfo       0x0000000000000000       0x18 build/asm/ultralib/setthreadpri.s.o
 .MIPS.abiflags
                0x0000000000000000       0x18 build/asm/ultralib/setthreadpri.s.o
 .pdr           0x0000000000000000        0x0 build/asm/ultralib/setthreadpri.s.o
 .gnu.attributes
                0x0000000000000000       0x10 build/asm/ultralib/setthreadpri.s.o
 .data          0x0000000000000000        0x0 build/asm/ultralib/virtualtophysical.s.o
[...]
Memory Configuration

Name             Origin             Length             Attributes
*default*        0x0000000000000000 0xffffffffffffffff

Linker script and memory map

LOAD build/asm/header.s.o
LOAD build/assets/boot.bin.o
LOAD build/src/asm/entrypoint.s.o
LOAD build/src/boot.c.o
LOAD build/asm/23D0.s.o
LOAD build/asm/ultralib/initialize.s.o
LOAD build/asm/ultralib/createthread.s.o
LOAD build/asm/ultralib/startthread.s.o
LOAD build/asm/ultralib/vimgr.s.o
LOAD build/asm/ultralib/visetmode.s.o
LOAD build/asm/ultralib/pimgr.s.o
LOAD build/asm/ultralib/rmonmain.s.o
LOAD build/asm/ultralib/setthreadpri.s.o
LOAD build/asm/ultralib/virtualtophysical.s.o
LOAD build/asm/9B250.s.o
LOAD build/asm/data/BB6B0.data.s.o
LOAD build/asm/data/ultralib/vitbl.data.s.o
LOAD build/assets/EB0D0.bin.o
LOAD build/assets/trailer.bin.o
                0x0000000000800000                __romPos = 0x0
                0x0000000000000000                _gp = 0x0
                0x0000000000000000                header_ROM_START = __romPos
                0x0000000000000000                header_VRAM = ADDR (.header)

.header         0x0000000000000000       0x40
                0x0000000000000000                header_DATA_START = .
                0x0000000000000000                header_s = .
 build/asm/header.s.o(.data)
 .data          0x0000000000000000       0x40 build/asm/header.s.o
                0x0000000000000040                header_DATA_END = .
                0x0000000000000040                header_DATA_SIZE = ABSOLUTE ((header_DATA_END - header_DATA_START))
                0x0000000000800000                __romPos = (__romPos + SIZEOF (.header))
                0x0000000000000040                header_ROM_END = __romPos
                0x0000000000000040                header_VRAM_END = .
                0x0000000000000040                boot_ROM_START = __romPos
                0x00000000a4000040                boot_VRAM = ADDR (.boot)

.boot           0x00000000a4000040      0xfc0 load address 0x0000000000000040
                0x00000000a4000040                boot_DATA_START = .
                0x00000000a4000040                boot_bin = .
 build/assets/boot.bin.o(.data)
 .data          0x00000000a4000040      0xfc0 build/assets/boot.bin.o
                0x00000000a4000040                _binary_assets_boot_bin_start
                0x00000000a4001000                _binary_assets_boot_bin_end
                0x00000000a4001000                boot_DATA_END = .
                0x0000000000000fc0                boot_DATA_SIZE = ABSOLUTE ((boot_DATA_END - boot_DATA_START))
                0x0000000000800000                __romPos = (__romPos + SIZEOF (.boot))
                0x0000000000001000                boot_ROM_END = __romPos
                0x00000000a4001000                boot_VRAM_END = .
                0x0000000000001000                main_ROM_START = __romPos
                0x0000000080000400                main_VRAM = ADDR (.main)

.main           0x0000000080000400   0x7e9fd0 load address 0x0000000000001000
                0x0000000080000400                main_TEXT_START = .
 build/src/asm/entrypoint.s.o(.text)
 .text          0x0000000080000400       0x50 build/src/asm/entrypoint.s.o
                0x0000000080000400                func_80000400
 build/src/boot.c.o(.text)
 .text          0x0000000080000450     0x1380 build/src/boot.c.o
                0x0000000080000450                func_80000450
                0x00000000800006bc                boot
                0x0000000080000718                Thread_IdleProc
                0x00000000800008e0                func_800008E0
                0x0000000080000a84                func_80000A84
                0x0000000080000c20                Thread_MainProc
                0x0000000080000fe0                func_80000FE0
                0x0000000080001098                func_80001098
                0x00000000800011f0                func_800011F0
                0x0000000080001264                func_80001264
                0x0000000080001290                func_80001290
                0x00000000800012f0                func_800012F0
                0x000000008000147c                func_8000147C
                0x0000000080001670                func_80001670
                0x00000000800016a4                .L800016A4
                0x00000000800016b4                .L800016B4
                0x00000000800016c4                .L800016C4
                0x00000000800016d4                .L800016D4
                0x00000000800016e4                .L800016E4
                0x00000000800016f4                .L800016F4
                0x0000000080001704                .L80001704
                0x0000000080001714                .L80001714
                0x0000000080001724                .L80001724
                0x0000000080001734                .L80001734
                0x0000000080001744                .L80001744
                0x0000000080001754                .L80001754
                0x0000000080001764                .L80001764
                0x0000000080001774                .L80001774
                0x000000008000177c                .L8000177C
                0x000000008000178c                func_8000178C
 build/asm/23D0.s.o(.text)
 .text          0x00000000800017d0    0x97780 build/asm/23D0.s.o
                0x00000000800017d0                func_800017D0
                0x0000000080001988                func_80001988
                0x0000000080001a80                func_80001A80
                0x0000000080001b38                func_80001B38
                0x00000000800020bc                func_800020BC
                0x0000000080002114                func_80002114
                0x00000000800028d0                func_800028D0
                0x00000000800029ec                func_800029EC
                0x0000000080002a2c                func_80002A2C
                0x0000000080002ae0                func_80002AE0
                0x0000000080002b50                func_80002B50
                0x0000000080002f48                func_80002F48
                0x0000000080003020                func_80003020
                0x00000000800032c4                func_800032C4
                0x000000008000334c                func_8000334C
                0x0000000080003380                func_80003380
                0x00000000800033b4                func_800033B4
                0x00000000800033f0                func_800033F0
                0x0000000080003430                func_80003430
                0x0000000080003474                func_80003474
                0x00000000800034b8                func_800034B8
                0x00000000800034fc                func_800034FC
                0x0000000080003540                func_80003540
                0x00000000800035f8                func_800035F8
                0x00000000800036c8                func_800036C8
                0x0000000080003778                func_80003778
                0x0000000080003828                func_80003828
                0x00000000800038c8                func_800038C8
                0x0000000080003980                func_80003980
                0x00000000800039b8                func_800039B8
                0x0000000080003a10                func_80003A10
                0x0000000080003a38                func_80003A38
                0x0000000080003a64                func_80003A64
                0x0000000080003ad4                func_80003AD4
                0x0000000080003d64                func_80003D64
                0x0000000080003f24                func_80003F24
                0x00000000800040a0                func_800040A0
                0x0000000080004380                func_80004380
                0x00000000800045f8                func_800045F8
                0x0000000080004648                func_80004648
                0x00000000800046fc                func_800046FC
                0x0000000080004738                func_80004738
                0x000000008000474c                func_8000474C
                0x0000000080004760                func_80004760
                0x000000008000477c                func_8000477C
                0x00000000800047b0                func_800047B0
                0x0000000080004804                func_80004804
                0x0000000080004910                func_80004910
                0x0000000080004e70                func_80004E70
                0x0000000080004e90                func_80004E90
                0x0000000080004f08                func_80004F08
                0x0000000080004f24                func_80004F24
                0x0000000080004ffc                func_80004FFC
                0x00000000800050b4                func_800050B4
                0x0000000080005188                func_80005188
                0x000000008000565c                func_8000565C
                0x0000000080005770                func_80005770
                0x0000000080005828                func_80005828
                0x0000000080005860                func_80005860
                0x00000000800058e0                func_800058E0
                0x00000000800059a4                func_800059A4
                0x0000000080005b68                func_80005B68
                0x0000000080005c3c                func_80005C3C
                0x000000008000607c                func_8000607C
                0x0000000080006360                func_80006360
                0x0000000080006b1c                func_80006B1C
                0x0000000080006b9c                func_80006B9C
                0x0000000080006cc8                func_80006CC8
                0x0000000080006df4                func_80006DF4
                0x0000000080006e60                func_80006E60
                0x0000000080006edc                func_80006EDC
                0x00000000800072a4                func_800072A4
                0x00000000800073cc                func_800073CC
                0x0000000080007578                func_80007578
                0x00000000800075a8                func_800075A8
                0x00000000800076f0                func_800076F0
                0x00000000800078a4                func_800078A4
                0x0000000080007a90                func_80007A90
                0x0000000080007abc                func_80007ABC
                0x0000000080007bc0                func_80007BC0
                0x0000000080007c8c                func_80007C8C
                0x0000000080007cc4                .L80007CC4
                0x0000000080007d3c                .L80007D3C
                0x0000000080008200                .L80008200
                0x00000000800082f8                .L800082F8
                0x00000000800083f0                .L800083F0
                0x0000000080008498                .L80008498
                0x0000000080008510                .L80008510
                0x0000000080008a5c                .L80008A5C
                0x0000000080008a8c                .L80008A8C
                0x0000000080008abc                .L80008ABC
                0x0000000080008aec                .L80008AEC
                0x0000000080008b1c                .L80008B1C
                0x0000000080008b4c                .L80008B4C
                0x0000000080008df0                .L80008DF0
                0x0000000080008fa8                .L80008FA8
                0x00000000800091b0                .L800091B0
                0x00000000800095bc                .L800095BC
                0x000000008000966c                .L8000966C
                0x00000000800098a8                .L800098A8
                0x000000008000992c                .L8000992C
                0x0000000080009940                func_80009940
                0x0000000080009be0                func_80009BE0
                0x0000000080009be8                func_80009BE8
                0x000000008000d240                .L8000D240
                0x000000008000d264                .L8000D264
                0x000000008000d288                .L8000D288
                0x000000008000d2ac                .L8000D2AC
                0x000000008000d318                .L8000D318
                0x000000008000d368                .L8000D368
                0x000000008000dd6c                func_8000DD6C
                0x000000008000ea88                func_8000EA88
                0x000000008000f290                func_8000F290
                0x000000008000fbf4                func_8000FBF4
                0x0000000080010898                func_80010898
                0x00000000800109b0                func_800109B0
                0x0000000080010a10                func_80010A10
                0x0000000080010c20                func_80010C20
                0x000000008001107c                func_8001107C
                0x00000000800119ac                func_800119AC
                0x0000000080011a18                func_80011A18
                0x0000000080011a9c                func_80011A9C
                0x0000000080011b30                func_80011B30
                0x0000000080011c58                func_80011C58
                0x0000000080011d6c                func_80011D6C
                0x0000000080011da4                func_80011DA4
                0x0000000080011ddc                func_80011DDC
                0x0000000080011e48                func_80011E48
                0x0000000080011f44                func_80011F44
                0x0000000080012044                func_80012044
                0x00000000800120c8                func_800120C8
                0x00000000800121d0                func_800121D0
                0x0000000080012288                func_80012288
                0x00000000800122b0                func_800122B0
                0x00000000800123ac                func_800123AC
                0x0000000080012418                func_80012418
                0x0000000080012438                func_80012438
                0x0000000080012634                func_80012634
                0x0000000080012830                func_80012830
                0x00000000800128e0                func_800128E0
                0x00000000800128f0                func_800128F0
                0x0000000080012944                func_80012944
                0x0000000080012970                func_80012970
                0x00000000800129c8                func_800129C8
                0x0000000080012a24                func_80012A24
                0x0000000080012a58                func_80012A58
                0x0000000080012ab4                func_80012AB4
                0x0000000080012b28                func_80012B28
                0x0000000080012b88                func_80012B88
                0x0000000080012c04                func_80012C04
                0x0000000080012c50                func_80012C50
                0x0000000080012cd4                func_80012CD4
                0x0000000080012df0                func_80012DF0
                0x0000000080012f98                func_80012F98
                0x000000008001303c                .L8001303C
                0x0000000080013084                .L80013084
                0x00000000800132a0                .L800132A0
                0x0000000080013d88                .L80013D88
                0x0000000080013eb8                .L80013EB8
                0x0000000080013fa8                .L80013FA8
                0x0000000080014278                .L80014278
                0x00000000800146f8                .L800146F8
                0x0000000080014af0                func_80014AF0
                0x0000000080014c44                func_80014C44
                0x0000000080014f14                func_80014F14
                0x0000000080014fd0                func_80014FD0
                0x0000000080015094                func_80015094
                0x00000000800150fc                func_800150FC
                0x0000000080015174                func_80015174
                0x00000000800151d8                func_800151D8
                0x0000000080015250                func_80015250
                0x00000000800152c8                func_800152C8
                0x0000000080015330                func_80015330
                0x00000000800153a8                func_800153A8
                0x0000000080015418                func_80015418
                0x0000000080015490                func_80015490
                0x00000000800154f4                func_800154F4
                0x000000008001556c                func_8001556C
                0x00000000800155e4                func_800155E4
                0x000000008001564c                func_8001564C
                0x00000000800156c4                func_800156C4
                0x0000000080015b28                func_80015B28
                0x00000000800160ec                func_800160EC
                0x0000000080016cb4                func_80016CB4
                0x0000000080016d94                func_80016D94
                0x0000000080016e70                func_80016E70
                0x0000000080016ee4                .L80016EE4
                0x0000000080016f08                .L80016F08
                0x0000000080016f2c                .L80016F2C
                0x0000000080016f50                .L80016F50
                0x0000000080016f74                .L80016F74
                0x0000000080016f98                .L80016F98
                0x0000000080016fbc                .L80016FBC
                0x0000000080016fe0                .L80016FE0
                0x0000000080017004                .L80017004
                0x0000000080017028                .L80017028
                0x000000008001704c                .L8001704C
                0x0000000080017070                .L80017070
                0x0000000080017094                .L80017094
                0x00000000800170b8                .L800170B8
                0x00000000800170dc                .L800170DC
                0x0000000080017100                .L80017100
                0x0000000080017124                .L80017124
                0x0000000080017148                .L80017148
                0x000000008001716c                .L8001716C
                0x0000000080017190                .L80017190
                0x00000000800171b4                .L800171B4
                0x00000000800171d8                .L800171D8
                0x00000000800171fc                .L800171FC
                0x0000000080017220                .L80017220
                0x0000000080017244                .L80017244
                0x0000000080017268                .L80017268
                0x000000008001728c                .L8001728C
                0x00000000800172b0                .L800172B0
                0x00000000800172d4                .L800172D4
                0x00000000800172f8                .L800172F8
                0x000000008001731c                .L8001731C
                0x0000000080017340                .L80017340
                0x0000000080017364                .L80017364
                0x0000000080017388                .L80017388
                0x00000000800173ac                .L800173AC
                0x00000000800173d0                .L800173D0
                0x00000000800173f4                .L800173F4
                0x0000000080017418                .L80017418
                0x000000008001743c                .L8001743C
                0x0000000080017460                .L80017460
                0x0000000080017484                .L80017484
                0x00000000800174a8                .L800174A8
                0x00000000800174cc                .L800174CC
                0x00000000800174f0                .L800174F0
                0x000000008001751c                func_8001751C
                0x0000000080017680                func_80017680
                0x00000000800176f8                func_800176F8
                0x0000000080017770                func_80017770
                0x0000000080017800                func_80017800
                0x000000008001783c                .L8001783C
                0x0000000080017950                .L80017950
                0x00000000800179d0                .L800179D0
                0x00000000800179f8                .L800179F8
                0x0000000080017b2c                .L80017B2C
                0x0000000080017bac                .L80017BAC
                0x0000000080017bd4                .L80017BD4
                0x0000000080017d18                .L80017D18
                0x0000000080017d98                .L80017D98
                0x0000000080017dc0                .L80017DC0
                0x0000000080017e40                .L80017E40
                0x0000000080017ec0                .L80017EC0
                0x0000000080017f08                func_80017F08
                0x0000000080017fe8                func_80017FE8
                0x000000008001809c                func_8001809C
                0x00000000800180fc                func_800180FC
                0x000000008001817c                func_8001817C
                0x00000000800181b8                .L800181B8
                0x00000000800181c8                .L800181C8
                0x000000008001821c                .L8001821C
                0x0000000080018238                .L80018238
                0x0000000080018254                .L80018254
                0x0000000080018270                .L80018270
                0x0000000080018294                .L80018294
                0x00000000800182b8                .L800182B8
                0x00000000800182dc                .L800182DC
                0x0000000080018374                .L80018374
                0x0000000080018510                .L80018510
                0x000000008001855c                .L8001855C
                0x0000000080018764                .L80018764
                0x00000000800187b4                .L800187B4
                0x00000000800187f4                .L800187F4
                0x000000008001882c                .L8001882C
                0x000000008001886c                .L8001886C
                0x00000000800188bc                .L800188BC
                0x00000000800188cc                func_800188CC
                0x0000000080018e00                func_80018E00
                0x00000000800191b8                func_800191B8
                0x0000000080019520                func_80019520
                0x0000000080019688                func_80019688
                0x00000000800197a0                func_800197A0
                0x000000008001983c                func_8001983C
                0x00000000800198b4                func_800198B4
                0x00000000800199dc                func_800199DC
                0x0000000080019a80                func_80019A80
                0x0000000080019e48                func_80019E48
                0x0000000080019ec4                func_80019EC4
                0x0000000080019f04                func_80019F04
                0x0000000080019fb4                func_80019FB4
                0x000000008001a15c                func_8001A15C
                0x000000008001a254                func_8001A254
                0x000000008001a584                func_8001A584
                0x000000008001a758                func_8001A758
                0x000000008001a7e0                func_8001A7E0
                0x000000008001a838                func_8001A838
                0x000000008001a890                func_8001A890
                0x000000008001a96c                func_8001A96C
                0x000000008001aca8                func_8001ACA8
                0x000000008001b004                func_8001B004
                0x000000008001b02c                func_8001B02C
                0x000000008001b078                func_8001B078
                0x000000008001b0f8                .L8001B0F8
                0x000000008001b100                .L8001B100
                0x000000008001b10c                .L8001B10C
                0x000000008001b118                .L8001B118
                0x000000008001b124                .L8001B124
                0x000000008001b130                .L8001B130
                0x000000008001b13c                .L8001B13C
                0x000000008001b1a0                func_8001B1A0
                0x000000008001b1f8                func_8001B1F8
                0x000000008001b23c                func_8001B23C
                0x000000008001b244                func_8001B244
                0x000000008001b2f4                func_8001B2F4
                0x000000008001b3d0                func_8001B3D0
                0x000000008001b460                func_8001B460
                0x000000008001b514                .L8001B514
                0x000000008001b540                .L8001B540
                0x000000008001b6c0                .L8001B6C0
                0x000000008001b904                .L8001B904
                0x000000008001ba38                .L8001BA38
                0x000000008001ba64                .L8001BA64
                0x000000008001bb5c                .L8001BB5C
                0x000000008001bbb4                .L8001BBB4
                0x000000008001bc4c                .L8001BC4C
                0x000000008001bc5c                .L8001BC5C
                0x000000008001bcf4                .L8001BCF4
                0x000000008001be88                .L8001BE88
                0x000000008001c144                .L8001C144
                0x000000008001c1a4                .L8001C1A4
                0x000000008001c23c                .L8001C23C
                0x000000008001c2a0                .L8001C2A0
                0x000000008001c3c4                .L8001C3C4
                0x000000008001c424                .L8001C424
                0x000000008001c584                .L8001C584
                0x000000008001c5e4                .L8001C5E4
                0x000000008001c694                .L8001C694
                0x000000008001c6f0                .L8001C6F0
                0x000000008001c77c                .L8001C77C
                0x000000008001c794                .L8001C794
                0x000000008001c7a4                func_8001C7A4
                0x000000008001c7f0                func_8001C7F0
                0x000000008001c834                func_8001C834
                0x000000008001c8b0                func_8001C8B0
                0x000000008001c97c                func_8001C97C
                0x000000008001ca68                func_8001CA68
                0x000000008001caa8                func_8001CAA8
                0x000000008001cb6c                func_8001CB6C
                0x000000008001cc34                func_8001CC34
                0x000000008001cc8c                func_8001CC8C
                0x000000008001cd30                func_8001CD30
                0x000000008001ce04                func_8001CE04
                0x000000008001cf14                func_8001CF14
                0x000000008001cfdc                func_8001CFDC
                0x000000008001d040                func_8001D040
                0x000000008001d0a4                func_8001D0A4
                0x000000008001d240                func_8001D240
                0x000000008001d5b8                func_8001D5B8
                0x000000008001d60c                func_8001D60C
                0x000000008001d654                func_8001D654
                0x000000008001d6f0                .L8001D6F0
                0x000000008001d848                .L8001D848
                0x000000008001d900                .L8001D900
                0x000000008001da2c                .L8001DA2C
                0x000000008001da90                .L8001DA90
                0x000000008001dacc                .L8001DACC
                0x000000008001daf4                .L8001DAF4
                0x000000008001db84                .L8001DB84
                0x000000008001dba0                func_8001DBA0
                0x000000008001dc60                func_8001DC60
                0x000000008001de30                func_8001DE30
                0x000000008001e2d0                func_8001E2D0
                0x000000008001e5e0                func_8001E5E0
                0x000000008001e6f4                func_8001E6F4
                0x000000008001e808                func_8001E808
                0x000000008001e814                func_8001E814
                0x000000008001e8e4                func_8001E8E4
                0x000000008001e964                func_8001E964
                0x000000008001e9dc                func_8001E9DC
                0x000000008001eadc                func_8001EADC
                0x000000008001eb8c                func_8001EB8C
                0x000000008001ec1c                func_8001EC1C
                0x000000008001f88c                func_8001F88C
                0x000000008001fa78                func_8001FA78
                0x000000008001fca0                func_8001FCA0
                0x000000008001feb0                func_8001FEB0
                0x000000008001ff28                func_8001FF28
                0x000000008001ff30                func_8001FF30
                0x000000008001ff50                func_8001FF50
                0x000000008001ffa0                func_8001FFA0
                0x000000008001ffa8                func_8001FFA8
                0x0000000080020024                func_80020024
                0x000000008002034c                func_8002034C
                0x00000000800205dc                func_800205DC
                0x00000000800207dc                func_800207DC
                0x0000000080020844                func_80020844
                0x00000000800208d4                func_800208D4
                0x000000008002092c                func_8002092C
                0x0000000080020a54                func_80020A54
                0x0000000080020a90                func_80020A90
                0x0000000080020ac4                .L80020AC4
                0x0000000080020b60                .L80020B60
                0x0000000080020d6c                .L80020D6C
                0x0000000080020e44                .L80020E44
                0x0000000080020e54                .L80020E54
                0x0000000080020ecc                .L80020ECC
                0x0000000080020ef0                .L80020EF0
                0x0000000080020f94                .L80020F94
                0x0000000080021034                func_80021034
                0x0000000080021098                func_80021098
                0x0000000080021270                func_80021270
                0x0000000080021620                func_80021620
                0x0000000080021658                func_80021658
                0x0000000080021660                func_80021660
                0x0000000080021668                func_80021668
                0x000000008002167c                func_8002167C
                0x0000000080021690                func_80021690
                0x000000008002170c                func_8002170C
                0x00000000800218fc                func_800218FC
                0x0000000080022470                func_80022470
                0x0000000080022d10                func_80022D10
                0x0000000080022d88                func_80022D88
                0x0000000080022f48                func_80022F48
                0x00000000800230b8                func_800230B8
                0x000000008002312c                func_8002312C
                0x0000000080023168                func_80023168
                0x00000000800232a4                func_800232A4
                0x00000000800235e0                func_800235E0
                0x00000000800235f4                func_800235F4
                0x0000000080023668                func_80023668
                0x0000000080023670                func_80023670
                0x0000000080023678                func_80023678
                0x00000000800236a0                func_800236A0
                0x0000000080023798                func_80023798
                0x00000000800237f0                func_800237F0
                0x0000000080023894                func_80023894
                0x0000000080023948                func_80023948
                0x0000000080023968                func_80023968
                0x0000000080023a08                func_80023A08
                0x0000000080023a34                func_80023A34
                0x0000000080023aa4                func_80023AA4
                0x0000000080023ac4                func_80023AC4
                0x0000000080023acc                func_80023ACC
                0x0000000080023afc                func_80023AFC
                0x0000000080023bc0                func_80023BC0
                0x0000000080023bf8                func_80023BF8
                0x0000000080023c00                func_80023C00
                0x0000000080023c18                func_80023C18
                0x0000000080023d48                func_80023D48
                0x0000000080023d70                func_80023D70
                0x0000000080023d98                func_80023D98
                0x0000000080023db4                func_80023DB4
                0x0000000080023dbc                func_80023DBC
                0x0000000080023df0                func_80023DF0
                0x0000000080023df8                func_80023DF8
                0x0000000080023e14                func_80023E14
                0x0000000080023e1c                func_80023E1C
                0x0000000080023e38                func_80023E38
                0x0000000080023e40                func_80023E40
                0x0000000080023e48                func_80023E48
                0x0000000080023e6c                func_80023E6C
                0x0000000080023e74                func_80023E74
                0x0000000080023e98                func_80023E98
                0x0000000080023eb4                func_80023EB4
                0x0000000080023edc                func_80023EDC
                0x0000000080023f5c                func_80023F5C
                0x0000000080024004                func_80024004
                0x0000000080024074                func_80024074
                0x00000000800240e8                func_800240E8
                0x0000000080024428                func_80024428
                0x00000000800244f8                func_800244F8
                0x0000000080024528                func_80024528
                0x0000000080024584                func_80024584
                0x00000000800245ac                func_800245AC
                0x00000000800245b4                func_800245B4
                0x00000000800245f0                func_800245F0
                0x00000000800245f8                func_800245F8
                0x0000000080024600                func_80024600
                0x0000000080024624                func_80024624
                0x0000000080024668                func_80024668
                0x0000000080024854                func_80024854
                0x000000008002488c                func_8002488C
                0x00000000800249b8                func_800249B8
                0x0000000080024d5c                func_80024D5C
                0x0000000080024d6c                func_80024D6C
                0x0000000080024da8                func_80024DA8
                0x0000000080024dd8                func_80024DD8
                0x0000000080024e18                func_80024E18
                0x0000000080024ea0                func_80024EA0
                0x0000000080025084                func_80025084
                0x000000008002508c                func_8002508C
                0x0000000080025094                func_80025094
                0x0000000080025114                func_80025114
                0x000000008002515c                func_8002515C
                0x0000000080025184                func_80025184
                0x00000000800251cc                func_800251CC
                0x00000000800251e8                func_800251E8
                0x0000000080025254                func_80025254
                0x00000000800252bc                func_800252BC
                0x00000000800252f8                func_800252F8
                0x0000000080025380                func_80025380
                0x00000000800253a8                func_800253A8
                0x00000000800253b0                func_800253B0
                0x0000000080025578                func_80025578
                0x00000000800255b4                func_800255B4
                0x00000000800258c8                .L800258C8
                0x0000000080025914                .L80025914
                0x0000000080025950                .L80025950
                0x0000000080025994                .L80025994
                0x00000000800259d0                .L800259D0
                0x0000000080025a0c                .L80025A0C
                0x0000000080025a3c                .L80025A3C
                0x0000000080025a6c                .L80025A6C
                0x0000000080025a88                .L80025A88
                0x0000000080025ac4                .L80025AC4
                0x0000000080025b04                .L80025B04
                0x0000000080025b7c                func_80025B7C
                0x0000000080025bfc                func_80025BFC
                0x0000000080025c38                func_80025C38
                0x0000000080025e00                func_80025E00
                0x0000000080025e6c                func_80025E6C
                0x0000000080025ec4                func_80025EC4
                0x0000000080025f70                func_80025F70
                0x000000008002601c                func_8002601C
                0x00000000800260c8                func_800260C8
                0x0000000080026174                func_80026174
                0x0000000080026220                func_80026220
                0x0000000080026428                func_80026428
                0x0000000080026494                func_80026494
                0x000000008002653c                func_8002653C
                0x0000000080026584                func_80026584
                0x00000000800265fc                func_800265FC
                0x0000000080026694                func_80026694
                0x000000008002670c                func_8002670C
                0x0000000080026784                func_80026784
                0x00000000800267fc                func_800267FC
                0x0000000080026874                func_80026874
                0x000000008002694c                func_8002694C
                0x0000000080026a18                func_80026A18
                0x0000000080026b04                func_80026B04
                0x0000000080026bd0                func_80026BD0
                0x0000000080026c9c                func_80026C9C
                0x0000000080026d88                func_80026D88
                0x0000000080026e60                func_80026E60
                0x0000000080026f2c                func_80026F2C
                0x0000000080027018                func_80027018
                0x00000000800270e4                func_800270E4
                0x00000000800271b0                func_800271B0
                0x000000008002729c                func_8002729C
                0x0000000080027370                func_80027370
                0x00000000800273fc                func_800273FC
                0x0000000080027468                func_80027468
                0x0000000080027510                func_80027510
                0x0000000080027588                func_80027588
                0x0000000080027644                func_80027644
                0x00000000800276dc                func_800276DC
                0x0000000080027800                func_80027800
                0x00000000800278e8                func_800278E8
                0x0000000080027a44                func_80027A44
                0x0000000080027a88                func_80027A88
                0x0000000080027ac8                func_80027AC8
                0x0000000080027b28                func_80027B28
                0x0000000080027c40                func_80027C40
                0x0000000080027d94                func_80027D94
                0x000000008002801c                func_8002801C
                0x0000000080028150                func_80028150
                0x0000000080028260                func_80028260
                0x00000000800282f0                func_800282F0
                0x0000000080028380                func_80028380
                0x00000000800283bc                func_800283BC
                0x00000000800284b0                func_800284B0
                0x00000000800284b8                func_800284B8
                0x0000000080028528                func_80028528
                0x000000008002854c                func_8002854C
                0x00000000800285e4                func_800285E4
                0x0000000080028638                func_80028638
                0x000000008002865c                func_8002865C
                0x0000000080028680                func_80028680
                0x00000000800286a4                func_800286A4
                0x00000000800286c8                func_800286C8
                0x0000000080028704                func_80028704
                0x0000000080028744                func_80028744
                0x000000008002877c                func_8002877C
                0x000000008002884c                func_8002884C
                0x00000000800288ec                func_800288EC
                0x0000000080028980                func_80028980
                0x00000000800289cc                func_800289CC
                0x00000000800289e4                func_800289E4
                0x0000000080028ae8                func_80028AE8
                0x0000000080028b1c                func_80028B1C
                0x0000000080028b90                func_80028B90
                0x0000000080028c00                func_80028C00
                0x0000000080028c08                func_80028C08
                0x0000000080028c80                func_80028C80
                0x0000000080028ce8                func_80028CE8
                0x0000000080028dac                func_80028DAC
                0x0000000080028e1c                func_80028E1C
                0x0000000080029044                func_80029044
                0x0000000080029134                func_80029134
                0x00000000800291ac                func_800291AC
                0x00000000800294e0                func_800294E0
                0x00000000800295d8                func_800295D8
                0x0000000080029600                func_80029600
                0x0000000080029628                func_80029628
                0x0000000080029650                func_80029650
                0x0000000080029678                func_80029678
                0x0000000080029798                func_80029798
                0x000000008002981c                func_8002981C
                0x0000000080029860                func_80029860
                0x00000000800298d0                func_800298D0
                0x000000008002995c                func_8002995C
                0x00000000800299b0                func_800299B0
                0x0000000080029a7c                func_80029A7C
                0x0000000080029b00                func_80029B00
                0x0000000080029b74                func_80029B74
                0x0000000080029bb4                func_80029BB4
                0x0000000080029c44                func_80029C44
                0x0000000080029cc0                func_80029CC0
                0x0000000080029d58                func_80029D58
                0x0000000080029dec                func_80029DEC
                0x0000000080029e48                func_80029E48
                0x0000000080029f00                func_80029F00
                0x0000000080029fb8                func_80029FB8
                0x000000008002a018                func_8002A018
                0x000000008002a090                func_8002A090
                0x000000008002a0c4                func_8002A0C4
                0x000000008002a118                func_8002A118
                0x000000008002a170                func_8002A170
                0x000000008002a1c8                func_8002A1C8
                0x000000008002a200                func_8002A200
                0x000000008002a258                func_8002A258
                0x000000008002a2b0                func_8002A2B0
                0x000000008002a320                func_8002A320
                0x000000008002a404                func_8002A404
                0x000000008002a464                func_8002A464
                0x000000008002a4c4                func_8002A4C4
                0x000000008002a4fc                func_8002A4FC
                0x000000008002a57c                func_8002A57C
                0x000000008002a658                func_8002A658
                0x000000008002a898                func_8002A898
                0x000000008002a900                func_8002A900
                0x000000008002a990                func_8002A990
                0x000000008002aa20                func_8002AA20
                0x000000008002abe4                func_8002ABE4
                0x000000008002ac30                func_8002AC30
                0x000000008002ac7c                func_8002AC7C
                0x000000008002acfc                func_8002ACFC
                0x000000008002ad7c                func_8002AD7C
                0x000000008002ae44                func_8002AE44
                0x000000008002aeb4                func_8002AEB4
                0x000000008002aef8                func_8002AEF8
                0x000000008002af7c                func_8002AF7C
                0x000000008002b010                func_8002B010
                0x000000008002b140                func_8002B140
                0x000000008002b1d0                func_8002B1D0
                0x000000008002b25c                func_8002B25C
                0x000000008002b2d0                func_8002B2D0
                0x000000008002b330                func_8002B330
                0x000000008002b400                func_8002B400
                0x000000008002b4d0                func_8002B4D0
                0x000000008002b5a0                func_8002B5A0
                0x000000008002b6e8                func_8002B6E8
                0x000000008002b7b8                func_8002B7B8
                0x000000008002b7f4                func_8002B7F4
                0x000000008002b82c                func_8002B82C
                0x000000008002b8f0                func_8002B8F0
                0x000000008002b954                func_8002B954
                0x000000008002b9d8                func_8002B9D8
                0x000000008002bacc                func_8002BACC
                0x000000008002bb04                func_8002BB04
                0x000000008002bc10                func_8002BC10
                0x000000008002bc90                func_8002BC90
                0x000000008002c044                func_8002C044
                0x000000008002c140                func_8002C140
                0x000000008002c1d8                func_8002C1D8
                0x000000008002c1e0                func_8002C1E0
                0x000000008002c218                func_8002C218
                0x000000008002c328                func_8002C328
                0x000000008002c3c8                func_8002C3C8
                0x000000008002c510                func_8002C510
                0x000000008002c5c4                func_8002C5C4
                0x000000008002c6dc                func_8002C6DC
                0x000000008002c6e4                func_8002C6E4
                0x000000008002c7a0                .L8002C7A0
                0x000000008002c80c                .L8002C80C
                0x000000008002c8fc                .L8002C8FC
                0x000000008002cba4                .L8002CBA4
                0x000000008002cc64                .L8002CC64
                0x000000008002cc74                .L8002CC74
                0x000000008002ccd0                func_8002CCD0
                0x000000008002cdb8                .L8002CDB8
                0x000000008002cdc8                .L8002CDC8
                0x000000008002ce1c                .L8002CE1C
                0x000000008002ce70                .L8002CE70
                0x000000008002ce7c                .L8002CE7C
                0x000000008002ce88                .L8002CE88
                0x000000008002ce94                .L8002CE94
                0x000000008002cea0                .L8002CEA0
                0x000000008002ceac                .L8002CEAC
                0x000000008002d040                func_8002D040
                0x000000008002d260                func_8002D260
                0x000000008002d2f4                func_8002D2F4
                0x000000008002d3c0                func_8002D3C0
                0x000000008002d488                func_8002D488
                0x000000008002d5e4                func_8002D5E4
                0x000000008002d670                func_8002D670
                0x000000008002d904                func_8002D904
                0x000000008002db0c                func_8002DB0C
                0x000000008002dc74                func_8002DC74
                0x000000008002dfc0                func_8002DFC0
                0x000000008002e288                func_8002E288
                0x000000008002e500                func_8002E500
                0x000000008002e89c                func_8002E89C
                0x000000008002ebb8                func_8002EBB8
                0x000000008002ecac                func_8002ECAC
                0x000000008002ed34                func_8002ED34
                0x000000008002ed48                func_8002ED48
                0x000000008002edc8                func_8002EDC8
                0x000000008002efe4                func_8002EFE4
                0x000000008002f154                func_8002F154
                0x000000008002f1c8                func_8002F1C8
                0x000000008002f2a8                func_8002F2A8
                0x000000008002f420                func_8002F420
                0x000000008002f6ac                func_8002F6AC
                0x000000008002f6d4                func_8002F6D4
                0x000000008002f93c                func_8002F93C
                0x000000008002fc30                func_8002FC30
                0x000000008002fd48                func_8002FD48
                0x000000008002fef8                func_8002FEF8
                0x0000000080030008                func_80030008
                0x00000000800303a8                func_800303A8
                0x0000000080030964                func_80030964
                0x00000000800309c0                func_800309C0
                0x0000000080030a24                func_80030A24
                0x0000000080030a74                func_80030A74
                0x0000000080030b0c                func_80030B0C
                0x0000000080030b84                func_80030B84
                0x0000000080030bb8                func_80030BB8
                0x0000000080030d9c                func_80030D9C
                0x0000000080030e58                func_80030E58
                0x0000000080030f94                func_80030F94
                0x00000000800310a4                func_800310A4
                0x000000008003119c                func_8003119C
                0x00000000800311ec                func_800311EC
                0x000000008003123c                func_8003123C
                0x0000000080031284                func_80031284
                0x00000000800312cc                func_800312CC
                0x0000000080031324                func_80031324
                0x000000008003137c                func_8003137C
                0x00000000800313cc                func_800313CC
                0x000000008003141c                func_8003141C
                0x0000000080031cac                func_80031CAC
                0x0000000080031d58                func_80031D58
                0x0000000080031ddc                func_80031DDC
                0x0000000080031e38                func_80031E38
                0x00000000800320f8                func_800320F8
                0x00000000800327b4                func_800327B4
                0x0000000080032900                func_80032900
                0x0000000080032e60                func_80032E60
                0x00000000800330a4                func_800330A4
                0x0000000080033204                func_80033204
                0x00000000800333a0                func_800333A0
                0x0000000080033428                func_80033428
                0x000000008003358c                func_8003358C
                0x00000000800335e4                func_800335E4
                0x00000000800336b8                func_800336B8
                0x00000000800337f4                func_800337F4
                0x00000000800338f4                func_800338F4
                0x0000000080033948                func_80033948
                0x00000000800339ac                func_800339AC
                0x00000000800339bc                func_800339BC
                0x0000000080033b54                func_80033B54
                0x0000000080033cb0                func_80033CB0
                0x0000000080033de4                func_80033DE4
                0x0000000080033e7c                func_80033E7C
                0x00000000800340cc                func_800340CC
                0x0000000080034644                func_80034644
                0x000000008003480c                func_8003480C
                0x00000000800348e4                func_800348E4
                0x00000000800349c0                func_800349C0
                0x0000000080034a0c                func_80034A0C
                0x0000000080034ac4                .L80034AC4
                0x0000000080034adc                .L80034ADC
                0x0000000080034b90                .L80034B90
                0x0000000080034bbc                .L80034BBC
                0x0000000080034c08                .L80034C08
                0x0000000080034ca8                .L80034CA8
                0x0000000080034cc0                .L80034CC0
                0x0000000080034d14                func_80034D14
                0x0000000080034d80                func_80034D80
                0x0000000080034e10                func_80034E10
                0x000000008003510c                func_8003510C
                0x00000000800351c8                func_800351C8
                0x0000000080035218                func_80035218
                0x000000008003526c                func_8003526C
                0x00000000800352c0                func_800352C0
                0x0000000080035394                func_80035394
                0x0000000080035524                func_80035524
                0x0000000080035824                func_80035824
                0x0000000080035878                func_80035878
                0x00000000800358cc                func_800358CC
                0x00000000800358dc                func_800358DC
                0x0000000080035978                func_80035978
                0x0000000080035a20                func_80035A20
                0x0000000080035c44                func_80035C44
                0x0000000080035d34                func_80035D34
                0x0000000080035e90                func_80035E90
                0x0000000080035fc4                .L80035FC4
                0x000000008003601c                .L8003601C
                0x0000000080036040                .L80036040
                0x00000000800360a8                .L800360A8
                0x000000008003619c                .L8003619C
                0x00000000800363b0                .L800363B0
                0x00000000800365b4                .L800365B4
                0x000000008003667c                func_8003667C
                0x00000000800366e4                func_800366E4
                0x00000000800367d0                func_800367D0
                0x00000000800369a0                func_800369A0
                0x0000000080036a60                func_80036A60
                0x0000000080036b44                func_80036B44
                0x0000000080036c14                func_80036C14
                0x0000000080036ce4                func_80036CE4
                0x0000000080036dc8                func_80036DC8
                0x000000008003707c                func_8003707C
                0x00000000800370ac                func_800370AC
                0x00000000800374d8                func_800374D8
                0x000000008003766c                func_8003766C
                0x0000000080037b18                func_80037B18
                0x0000000080037b90                func_80037B90
                0x0000000080037d48                .L80037D48
                0x0000000080037dc4                .L80037DC4
                0x0000000080037e4c                .L80037E4C
                0x00000000800380e4                .L800380E4
                0x0000000080038398                func_80038398
                0x00000000800384fc                func_800384FC
                0x0000000080038600                func_80038600
                0x0000000080038704                func_80038704
                0x0000000080038794                func_80038794
                0x0000000080038868                func_80038868
                0x0000000080038c94                func_80038C94
                0x0000000080038d1c                func_80038D1C
                0x0000000080038e1c                func_80038E1C
                0x0000000080038ff4                func_80038FF4
                0x00000000800390bc                func_800390BC
                0x0000000080039134                func_80039134
                0x000000008003929c                func_8003929C
                0x0000000080039468                func_80039468
                0x0000000080039644                func_80039644
                0x0000000080039724                func_80039724
                0x0000000080039838                func_80039838
                0x0000000080039894                func_80039894
                0x00000000800398f8                func_800398F8
                0x0000000080039970                func_80039970
                0x0000000080039a1c                func_80039A1C
                0x0000000080039adc                func_80039ADC
                0x0000000080039c1c                func_80039C1C
                0x0000000080039da0                func_80039DA0
                0x0000000080039e7c                func_80039E7C
                0x000000008003a120                func_8003A120
                0x000000008003a958                func_8003A958
                0x000000008003a9b8                func_8003A9B8
                0x000000008003aa18                func_8003AA18
                0x000000008003ab24                func_8003AB24
                0x000000008003ac30                func_8003AC30
                0x000000008003b630                func_8003B630
                0x000000008003b6bc                .L8003B6BC
                0x000000008003b710                .L8003B710
                0x000000008003b780                .L8003B780
                0x000000008003b804                .L8003B804
                0x000000008003b848                .L8003B848
                0x000000008003b8cc                func_8003B8CC
                0x000000008003be3c                func_8003BE3C
                0x000000008003c328                func_8003C328
                0x000000008003d518                func_8003D518
                0x000000008003d5a0                func_8003D5A0
                0x000000008003d628                func_8003D628
                0x000000008003d68c                func_8003D68C
                0x000000008003d794                func_8003D794
                0x000000008003dbd0                func_8003DBD0
                0x000000008003dc38                .L8003DC38
                0x000000008003dcb0                .L8003DCB0
                0x000000008003ddc8                .L8003DDC8
                0x000000008003de10                .L8003DE10
                0x000000008003df28                .L8003DF28
                0x000000008003df78                func_8003DF78
                0x000000008003e230                func_8003E230
                0x000000008003e52c                func_8003E52C
                0x000000008003e640                func_8003E640
                0x000000008003e6a4                func_8003E6A4
                0x000000008003e854                func_8003E854
                0x000000008003eae0                func_8003EAE0
                0x000000008003ec0c                func_8003EC0C
                0x000000008003ed48                func_8003ED48
                0x000000008003edf4                func_8003EDF4
                0x000000008003eec0                func_8003EEC0
                0x000000008003ef98                func_8003EF98
                0x000000008003f05c                func_8003F05C
                0x000000008003f138                func_8003F138
                0x000000008003f248                func_8003F248
                0x000000008003f360                func_8003F360
                0x000000008003f6a4                func_8003F6A4
                0x000000008003f7a0                func_8003F7A0
                0x000000008003f8b0                func_8003F8B0
                0x000000008003f9cc                func_8003F9CC
                0x000000008003f9e0                func_8003F9E0
                0x000000008003fb20                func_8003FB20
                0x000000008003fd0c                func_8003FD0C
                0x000000008003fe4c                func_8003FE4C
                0x000000008003fe90                func_8003FE90
                0x000000008003fed8                func_8003FED8
                0x000000008003ff20                func_8003FF20
                0x000000008003ff68                func_8003FF68
                0x0000000080040098                func_80040098
                0x000000008004023c                func_8004023C
                0x00000000800404ac                func_800404AC
                0x0000000080040564                func_80040564
                0x00000000800405c0                func_800405C0
                0x00000000800406a4                func_800406A4
                0x00000000800407d4                func_800407D4
                0x0000000080040858                func_80040858
                0x000000008004089c                func_8004089C
                0x00000000800409e0                func_800409E0
                0x0000000080040a64                func_80040A64
                0x0000000080040ab4                func_80040AB4
                0x0000000080040b4c                func_80040B4C
                0x0000000080040e08                func_80040E08
                0x0000000080041018                func_80041018
                0x000000008004151c                func_8004151C
                0x000000008004168c                func_8004168C
                0x000000008004172c                func_8004172C
                0x000000008004178c                func_8004178C
                0x000000008004185c                func_8004185C
                0x00000000800418a8                func_800418A8
                0x0000000080041900                .L80041900
                0x0000000080041970                .L80041970
                0x0000000080041ac8                .L80041AC8
                0x0000000080041dfc                .L80041DFC
                0x0000000080041e8c                .L80041E8C
                0x0000000080041fb8                .L80041FB8
                0x0000000080041ff0                .L80041FF0
                0x0000000080042160                .L80042160
                0x0000000080042290                func_80042290
                0x0000000080042308                func_80042308
                0x0000000080042310                func_80042310
                0x0000000080042324                func_80042324
                0x0000000080042338                func_80042338
                0x0000000080042340                func_80042340
                0x0000000080042348                func_80042348
                0x0000000080042350                func_80042350
                0x0000000080042358                func_80042358
                0x0000000080042360                func_80042360
                0x00000000800423a0                func_800423A0
                0x00000000800427e0                func_800427E0
                0x0000000080042864                func_80042864
                0x00000000800429a4                func_800429A4
                0x0000000080042a0c                func_80042A0C
                0x0000000080042aec                func_80042AEC
                0x0000000080042b2c                func_80042B2C
                0x0000000080042b94                func_80042B94
                0x0000000080042c10                func_80042C10
                0x0000000080042ce0                func_80042CE0
                0x0000000080042ce8                func_80042CE8
                0x0000000080042cf0                func_80042CF0
                0x0000000080042cf8                func_80042CF8
                0x0000000080042d84                func_80042D84
                0x0000000080042dbc                func_80042DBC
                0x0000000080042e28                func_80042E28
                0x0000000080042e84                func_80042E84
                0x0000000080042f2c                func_80042F2C
                0x000000008004320c                func_8004320C
                0x0000000080043234                func_80043234
                0x0000000080043478                func_80043478
                0x0000000080043918                func_80043918
                0x000000008004398c                func_8004398C
                0x0000000080043a68                func_80043A68
                0x0000000080043c10                func_80043C10
                0x0000000080043d04                func_80043D04
                0x0000000080043d30                func_80043D30
                0x0000000080043d6c                func_80043D6C
                0x0000000080043e64                func_80043E64
                0x000000008004400c                func_8004400C
                0x00000000800441f4                func_800441F4
                0x0000000080044360                func_80044360
                0x0000000080044390                func_80044390
                0x0000000080044468                func_80044468
                0x0000000080044540                func_80044540
                0x0000000080044618                func_80044618
                0x00000000800446f0                func_800446F0
                0x00000000800447ac                func_800447AC
                0x0000000080044884                func_80044884
                0x000000008004495c                func_8004495C
                0x00000000800449a8                func_800449A8
                0x0000000080044a38                func_80044A38
                0x0000000080044a84                func_80044A84
                0x0000000080044b00                func_80044B00
                0x0000000080044b7c                func_80044B7C
                0x0000000080044bd8                func_80044BD8
                0x0000000080044c34                func_80044C34
                0x0000000080044c90                func_80044C90
                0x0000000080044cec                func_80044CEC
                0x0000000080044d48                func_80044D48
                0x0000000080044da4                func_80044DA4
                0x0000000080044dec                func_80044DEC
                0x0000000080044e34                func_80044E34
                0x0000000080044e7c                func_80044E7C
                0x0000000080044ec4                func_80044EC4
                0x0000000080044f0c                func_80044F0C
                0x0000000080044f54                func_80044F54
                0x0000000080044f9c                func_80044F9C
                0x0000000080044fe4                func_80044FE4
                0x000000008004502c                func_8004502C
                0x0000000080045074                func_80045074
                0x00000000800450d0                func_800450D0
                0x000000008004512c                func_8004512C
                0x0000000080045188                func_80045188
                0x00000000800451e4                func_800451E4
                0x0000000080045500                func_80045500
                0x0000000080045544                func_80045544
                0x0000000080045610                func_80045610
                0x00000000800456dc                func_800456DC
                0x000000008004571c                func_8004571C
                0x0000000080045758                func_80045758
                0x00000000800457c8                func_800457C8
                0x000000008004586c                .L8004586C
                0x00000000800458c4                .L800458C4
                0x000000008004591c                .L8004591C
                0x000000008004596c                .L8004596C
                0x00000000800459bc                .L800459BC
                0x0000000080045a0c                .L80045A0C
                0x0000000080045a5c                .L80045A5C
                0x0000000080045ab4                .L80045AB4
                0x0000000080045d84                func_80045D84
                0x0000000080045d9c                func_80045D9C
                0x0000000080045e58                func_80045E58
                0x0000000080045f08                func_80045F08
                0x0000000080045f14                func_80045F14
                0x0000000080045fa4                func_80045FA4
                0x0000000080046148                func_80046148
                0x0000000080046188                func_80046188
                0x0000000080046218                func_80046218
                0x0000000080046274                func_80046274
                0x0000000080046280                func_80046280
                0x00000000800462f0                func_800462F0
                0x00000000800463c0                func_800463C0
                0x00000000800463f0                func_800463F0
                0x0000000080046434                func_80046434
                0x0000000080046498                func_80046498
                0x00000000800465f4                func_800465F4
                0x000000008004664c                func_8004664C
                0x000000008004667c                func_8004667C
                0x00000000800467ec                func_800467EC
                0x0000000080046890                func_80046890
                0x0000000080046934                func_80046934
                0x0000000080046a30                func_80046A30
                0x0000000080046a9c                func_80046A9C
                0x0000000080046b4c                func_80046B4C
                0x0000000080046d5c                func_80046D5C
                0x0000000080046e6c                func_80046E6C
                0x0000000080046ebc                func_80046EBC
                0x0000000080046f14                .L80046F14
                0x000000008004701c                .L8004701C
                0x000000008004706c                .L8004706C
                0x00000000800471a4                .L800471A4
                0x0000000080047240                .L80047240
                0x0000000080047284                .L80047284
                0x00000000800472d4                func_800472D4
                0x000000008004732c                func_8004732C
                0x000000008004735c                func_8004735C
                0x0000000080047410                func_80047410
                0x00000000800475ec                func_800475EC
                0x0000000080047648                func_80047648
                0x0000000080047674                func_80047674
                0x000000008004767c                func_8004767C
                0x0000000080047714                func_80047714
                0x0000000080047958                func_80047958
                0x0000000080047994                func_80047994
                0x0000000080047a14                func_80047A14
                0x0000000080047a54                func_80047A54
                0x0000000080047ac4                func_80047AC4
                0x0000000080047b68                func_80047B68
                0x0000000080047c28                func_80047C28
                0x0000000080047c98                func_80047C98
                0x0000000080047ccc                func_80047CCC
                0x0000000080047e30                func_80047E30
                0x0000000080047e38                func_80047E38
                0x0000000080047ed4                func_80047ED4
                0x0000000080047f80                func_80047F80
                0x0000000080047ff8                func_80047FF8
                0x00000000800480b8                func_800480B8
                0x0000000080048238                func_80048238
                0x0000000080048320                func_80048320
                0x00000000800483b4                func_800483B4
                0x0000000080048408                func_80048408
                0x00000000800485ac                func_800485AC
                0x0000000080048600                func_80048600
                0x00000000800486f4                func_800486F4
                0x0000000080048740                func_80048740
                0x0000000080048bb0                func_80048BB0
                0x0000000080048c28                func_80048C28
                0x0000000080048c94                func_80048C94
                0x0000000080048ce4                func_80048CE4
                0x0000000080048d30                func_80048D30
                0x0000000080048edc                func_80048EDC
                0x0000000080048f70                func_80048F70
                0x0000000080049040                func_80049040
                0x00000000800490bc                func_800490BC
                0x00000000800491b8                func_800491B8
                0x0000000080049300                func_80049300
                0x0000000080049460                func_80049460
                0x0000000080049660                func_80049660
                0x0000000080049a04                func_80049A04
                0x0000000080049ac0                func_80049AC0
                0x000000008004a8e0                func_8004A8E0
                0x000000008004a918                func_8004A918
                0x000000008004a960                func_8004A960
                0x000000008004aa64                func_8004AA64
                0x000000008004ab3c                func_8004AB3C
                0x000000008004b0a0                func_8004B0A0
                0x000000008004b18c                func_8004B18C
                0x000000008004b290                func_8004B290
                0x000000008004b344                func_8004B344
                0x000000008004b878                func_8004B878
                0x000000008004bb08                func_8004BB08
                0x000000008004bef8                func_8004BEF8
                0x000000008004c5fc                func_8004C5FC
                0x000000008004ce1c                func_8004CE1C
                0x000000008004d140                func_8004D140
                0x000000008004d6cc                func_8004D6CC
                0x000000008004d7bc                func_8004D7BC
                0x000000008004da6c                func_8004DA6C
                0x000000008004dc44                func_8004DC44
                0x000000008004e1d4                func_8004E1D4
                0x000000008004e1dc                func_8004E1DC
                0x000000008004e1e4                func_8004E1E4
                0x000000008004e4e0                func_8004E4E0
                0x000000008004e6fc                func_8004E6FC
                0x000000008004eae4                func_8004EAE4
                0x000000008004ec60                func_8004EC60
                0x000000008004ed10                func_8004ED10
                0x000000008004f2b0                func_8004F2B0
                0x000000008004f35c                func_8004F35C
                0x000000008004f514                func_8004F514
                0x000000008004f5b0                func_8004F5B0
                0x000000008004f614                func_8004F614
                0x000000008004f7d8                func_8004F7D8
                0x000000008004fb30                func_8004FB30
                0x000000008004fc68                func_8004FC68
                0x000000008004fdf8                func_8004FDF8
                0x00000000800500b0                func_800500B0
                0x000000008005060c                func_8005060C
                0x000000008005074c                func_8005074C
                0x00000000800508f4                func_800508F4
                0x00000000800509c0                func_800509C0
                0x0000000080050f3c                func_80050F3C
                0x0000000080051324                func_80051324
                0x0000000080051c48                func_80051C48
                0x0000000080052004                func_80052004
                0x0000000080052780                func_80052780
                0x000000008005278c                func_8005278C
                0x00000000800528f4                func_800528F4
                0x0000000080052a6c                func_80052A6C
                0x0000000080052c4c                func_80052C4C
                0x0000000080052cd0                func_80052CD0
                0x0000000080053210                func_80053210
                0x0000000080053358                func_80053358
                0x00000000800536cc                func_800536CC
                0x000000008005396c                func_8005396C
                0x0000000080053b28                func_80053B28
                0x0000000080053dc8                func_80053DC8
                0x0000000080053f34                func_80053F34
                0x00000000800541b8                func_800541B8
                0x0000000080054320                func_80054320
                0x0000000080054474                func_80054474
                0x000000008005457c                func_8005457C
                0x000000008005498c                func_8005498C
                0x0000000080054e18                func_80054E18
                0x0000000080054fd0                func_80054FD0
                0x0000000080055188                func_80055188
                0x00000000800551f8                func_800551F8
                0x00000000800553ec                func_800553EC
                0x000000008005544c                func_8005544C
                0x00000000800554ac                func_800554AC
                0x000000008005552c                func_8005552C
                0x0000000080055538                func_80055538
                0x00000000800558f8                func_800558F8
                0x0000000080055c2c                func_80055C2C
                0x0000000080055d3c                .L80055D3C
                0x0000000080055d54                .L80055D54
                0x0000000080055d70                .L80055D70
                0x0000000080055d84                .L80055D84
                0x0000000080055d98                .L80055D98
                0x0000000080055da8                .L80055DA8
                0x0000000080055f8c                func_80055F8C
                0x000000008005609c                .L8005609C
                0x00000000800560b4                .L800560B4
                0x00000000800560d0                .L800560D0
                0x00000000800560e4                .L800560E4
                0x00000000800560f8                .L800560F8
                0x0000000080056108                .L80056108
                0x00000000800562ec                func_800562EC
                0x00000000800563fc                .L800563FC
                0x0000000080056414                .L80056414
                0x0000000080056430                .L80056430
                0x0000000080056444                .L80056444
                0x0000000080056458                .L80056458
                0x0000000080056468                .L80056468
                0x000000008005664c                func_8005664C
                0x000000008005675c                .L8005675C
                0x0000000080056774                .L80056774
                0x0000000080056790                .L80056790
                0x00000000800567a4                .L800567A4
                0x00000000800567b8                .L800567B8
                0x00000000800567c8                .L800567C8
                0x00000000800569ac                func_800569AC
                0x0000000080056abc                .L80056ABC
                0x0000000080056ad8                .L80056AD8
                0x0000000080056ae8                .L80056AE8
                0x0000000080056ccc                func_80056CCC
                0x0000000080056f54                func_80056F54
                0x000000008005701c                func_8005701C
                0x0000000080057268                func_80057268
                0x0000000080057320                func_80057320
                0x000000008005739c                func_8005739C
                0x00000000800574b4                func_800574B4
                0x00000000800575c0                func_800575C0
                0x00000000800576a0                func_800576A0
                0x0000000080057848                func_80057848
                0x0000000080057c98                func_80057C98
                0x0000000080057d1c                .L80057D1C
                0x0000000080057df0                .L80057DF0
                0x0000000080057fb0                .L80057FB0
                0x0000000080057ff8                .L80057FF8
                0x00000000800582f8                .L800582F8
                0x000000008005836c                .L8005836C
                0x000000008005844c                .L8005844C
                0x00000000800584d4                func_800584D4
                0x000000008005878c                func_8005878C
                0x0000000080058924                func_80058924
                0x000000008005896c                func_8005896C
                0x0000000080058978                func_80058978
                0x0000000080058a38                func_80058A38
                0x0000000080058ae0                func_80058AE0
                0x0000000080058b68                func_80058B68
                0x0000000080058c24                func_80058C24
                0x0000000080058cac                func_80058CAC
                0x0000000080058d3c                func_80058D3C
                0x0000000080058e44                func_80058E44
                0x0000000080058eb0                func_80058EB0
                0x0000000080058f54                func_80058F54
                0x0000000080058f9c                func_80058F9C
                0x00000000800592a0                func_800592A0
                0x00000000800593dc                func_800593DC
                0x0000000080059624                func_80059624
                0x0000000080059abc                func_80059ABC
                0x0000000080059d88                func_80059D88
                0x0000000080059f30                func_80059F30
                0x000000008005a068                func_8005A068
                0x000000008005a1a4                func_8005A1A4
                0x000000008005a320                func_8005A320
                0x000000008005a4b0                func_8005A4B0
                0x000000008005a6d0                func_8005A6D0
                0x000000008005a7d0                func_8005A7D0
                0x000000008005a930                func_8005A930
                0x000000008005aca8                func_8005ACA8
                0x000000008005acb0                func_8005ACB0
                0x000000008005b164                func_8005B164
                0x000000008005b1e8                func_8005B1E8
                0x000000008005b3f4                func_8005B3F4
                0x000000008005b5fc                func_8005B5FC
                0x000000008005b82c                func_8005B82C
                0x000000008005ba38                func_8005BA38
                0x000000008005bbc0                func_8005BBC0
                0x000000008005bcf8                func_8005BCF8
                0x000000008005bfa4                func_8005BFA4
                0x000000008005c014                .L8005C014
                0x000000008005c024                .L8005C024
                0x000000008005c034                .L8005C034
                0x000000008005c044                .L8005C044
                0x000000008005c054                .L8005C054
                0x000000008005c098                func_8005C098
                0x000000008005c0cc                func_8005C0CC
                0x000000008005c250                func_8005C250
                0x000000008005c3c8                func_8005C3C8
                0x000000008005c520                func_8005C520
                0x000000008005c550                func_8005C550
                0x000000008005c5e0                func_8005C5E0
                0x000000008005c6d0                func_8005C6D0
                0x000000008005c6e4                func_8005C6E4
                0x000000008005c708                func_8005C708
                0x000000008005c774                func_8005C774
                0x000000008005c870                func_8005C870
                0x000000008005c8a4                func_8005C8A4
                0x000000008005ca34                func_8005CA34
                0x000000008005ca98                func_8005CA98
                0x000000008005caa8                func_8005CAA8
                0x000000008005d1b0                func_8005D1B0
                0x000000008005d1e8                func_8005D1E8
                0x000000008005d338                func_8005D338
                0x000000008005d370                func_8005D370
                0x000000008005d3d8                func_8005D3D8
                0x000000008005d418                func_8005D418
                0x000000008005d450                func_8005D450
                0x000000008005d630                func_8005D630
                0x000000008005d664                func_8005D664
                0x000000008005d6a0                func_8005D6A0
                0x000000008005d6dc                func_8005D6DC
                0x000000008005d718                func_8005D718
                0x000000008005d74c                func_8005D74C
                0x000000008005d780                func_8005D780
                0x000000008005d7bc                func_8005D7BC
                0x000000008005d7f8                func_8005D7F8
                0x000000008005d82c                func_8005D82C
                0x000000008005d860                func_8005D860
                0x000000008005d894                func_8005D894
                0x000000008005d8d0                func_8005D8D0
                0x000000008005d90c                func_8005D90C
                0x000000008005d948                func_8005D948
                0x000000008005d984                func_8005D984
                0x000000008005d9b8                func_8005D9B8
                0x000000008005d9ec                func_8005D9EC
                0x000000008005da20                func_8005DA20
                0x000000008005da5c                func_8005DA5C
                0x000000008005da98                func_8005DA98
                0x000000008005dacc                func_8005DACC
                0x000000008005db00                func_8005DB00
                0x000000008005db34                func_8005DB34
                0x000000008005db68                func_8005DB68
                0x000000008005db9c                func_8005DB9C
                0x000000008005dbd0                func_8005DBD0
                0x000000008005dc04                func_8005DC04
                0x000000008005dc38                func_8005DC38
                0x000000008005dc64                func_8005DC64
                0x000000008005dc98                func_8005DC98
                0x000000008005dccc                func_8005DCCC
                0x000000008005dd00                func_8005DD00
                0x000000008005dd34                func_8005DD34
                0x000000008005dd68                func_8005DD68
                0x000000008005dd9c                func_8005DD9C
                0x000000008005ddc8                func_8005DDC8
                0x000000008005ddfc                func_8005DDFC
                0x000000008005de30                func_8005DE30
                0x000000008005defc                func_8005DEFC
                0x000000008005df30                func_8005DF30
                0x000000008005df40                func_8005DF40
                0x000000008005df5c                func_8005DF5C
                0x000000008005dfc8                func_8005DFC8
                0x000000008005e09c                func_8005E09C
                0x000000008005e0b0                func_8005E0B0
                0x000000008005e1cc                func_8005E1CC
                0x000000008005e260                func_8005E260
                0x000000008005e56c                func_8005E56C
                0x000000008005e8f8                func_8005E8F8
                0x000000008005e95c                .L8005E95C
                0x000000008005e9bc                .L8005E9BC
                0x000000008005eae0                .L8005EAE0
                0x000000008005eb48                .L8005EB48
                0x000000008005ebe0                .L8005EBE0
                0x000000008005ec10                .L8005EC10
                0x000000008005ec20                func_8005EC20
                0x000000008005ee24                func_8005EE24
                0x000000008005f088                func_8005F088
                0x000000008005f6d4                func_8005F6D4
                0x000000008005fabc                .L8005FABC
                0x000000008005fb28                .L8005FB28
                0x000000008005fb68                .L8005FB68
                0x000000008005fb98                .L8005FB98
                0x000000008005fbd8                .L8005FBD8
                0x000000008005fbf8                .L8005FBF8
                0x000000008005fc18                .L8005FC18
                0x000000008005fc20                .L8005FC20
                0x000000008005fc40                .L8005FC40
                0x000000008005fd78                .L8005FD78
                0x000000008005fd88                .L8005FD88
                0x000000008005fd98                .L8005FD98
                0x000000008005fda8                .L8005FDA8
                0x000000008005fdb8                .L8005FDB8
                0x000000008005fdc8                .L8005FDC8
                0x000000008005fdd8                .L8005FDD8
                0x00000000800600f0                func_800600F0
                0x00000000800601fc                func_800601FC
                0x000000008006098c                func_8006098C
                0x0000000080060db8                func_80060DB8
                0x0000000080060f80                func_80060F80
                0x0000000080060f88                func_80060F88
                0x00000000800612d8                func_800612D8
                0x0000000080061350                func_80061350
                0x0000000080061450                func_80061450
                0x00000000800614d4                func_800614D4
                0x0000000080061554                func_80061554
                0x00000000800615bc                func_800615BC
                0x0000000080061624                func_80061624
                0x0000000080061688                .L80061688
                0x00000000800616e0                .L800616E0
                0x0000000080061718                .L80061718
                0x0000000080061768                .L80061768
                0x00000000800617ac                .L800617AC
                0x0000000080061814                .L80061814
                0x0000000080061980                .L80061980
                0x00000000800619ac                .L800619AC
                0x00000000800619c8                .L800619C8
                0x00000000800619e4                .L800619E4
                0x0000000080061a00                .L80061A00
                0x0000000080061a24                .L80061A24
                0x0000000080061a50                .L80061A50
                0x0000000080061a7c                .L80061A7C
                0x0000000080061aa8                .L80061AA8
                0x0000000080061af8                .L80061AF8
                0x0000000080061bd8                .L80061BD8
                0x0000000080061c4c                .L80061C4C
                0x0000000080061db8                .L80061DB8
                0x0000000080061dec                .L80061DEC
                0x0000000080061e08                .L80061E08
                0x0000000080061e4c                .L80061E4C
                0x0000000080061e88                .L80061E88
                0x0000000080061e98                func_80061E98
                0x0000000080062014                .L80062014
                0x0000000080062034                .L80062034
                0x0000000080062054                .L80062054
                0x0000000080062074                .L80062074
                0x0000000080062174                func_80062174
                0x0000000080062300                func_80062300